// Jest Snapshot v1, https://goo.gl/fbAQLP

exports[`Loader snapshot renders 1`] = `
<div
  className="sc-AykKC hcXlKZ"
>
  Loading...
</div>
`;
