// Jest Snapshot v1, https://goo.gl/fbAQLP

exports[`Page snapshot renders 1`] = `
<div
  className="sc-AykKC gUNwOj"
>
  <div>
    Hello
  </div>
</div>
`;
